PASS=28, FAIL=0, TOTAL=28
